// Jest Snapshot v1, https://goo.gl/fbAQLP

exports[`<ItemCard /> snapshot 1`] = `
<a
  className="flex w-[272px] flex-col items-center gap-[12px] border-2 border-black p-[16px]"
  href="/"
  onClick={[Function]}
  onMouseEnter={[Function]}
  onTouchStart={[Function]}
>
  <img
    alt="Name"
    data-nimg="1"
    decoding="async"
    height={100}
    loading="lazy"
    onError={[Function]}
    onLoad={[Function]}
    src="/_next/image?url=%2Fsome.jpg&w=256&q=75"
    srcSet="/_next/image?url=%2Fsome.jpg&w=128&q=75 1x, /_next/image?url=%2Fsome.jpg&w=256&q=75 2x"
    style={
      {
        "color": "transparent",
      }
    }
    width={100}
  />
  <span
    className="rounded-[4px] bg-[#CFCFCF] px-[4px] text-base font-bold capitalize"
  >
    Name
  </span>
</a>
`;
